INFO:app.services.receipt_service:Conectando a MongoDB...
INFO:app.services.receipt_service:Conexión exitosa a la base de datos: riocaja_smart
INFO:app.services.user_service:Conectando a MongoDB para usuarios...
INFO:app.services.user_service:Conexión exitosa a la base de datos: riocaja_smart
INFO:     Started server process [55561]
INFO:     Waiting for application startup.
INFO:     Application startup complete.
INFO:     Uvicorn running on http://0.0.0.0:8080 (Press CTRL+C to quit)
INFO:     Shutting down
INFO:     Waiting for application shutdown.
INFO:     Application shutdown complete.
INFO:     Finished server process [55561]
Exception ignored in atexit callback: <function _shutdown_resources at 0x7f12c834b380>
Traceback (most recent call last):
  File "/home/rsa-key-20250501/documentos/riocaja_smart_backend/venv/lib/python3.11/site-packages/pymongo/synchronous/monitor.py", line 538, in _shutdown_resources
    shutdown()
  File "/home/rsa-key-20250501/documentos/riocaja_smart_backend/venv/lib/python3.11/site-packages/pymongo/periodic_executor.py", line 291, in _shutdown_executors
    executor.join(1)
  File "/home/rsa-key-20250501/documentos/riocaja_smart_backend/venv/lib/python3.11/site-packages/pymongo/periodic_executor.py", line 208, in join
    self._thread.join(timeout)
  File "/usr/lib/python3.11/threading.py", line 1116, in join
    self._wait_for_tstate_lock(timeout=max(timeout, 0))
  File "/usr/lib/python3.11/threading.py", line 1132, in _wait_for_tstate_lock
    if lock.acquire(block, timeout):
       ^^^^^^^^^^^^^^^^^^^^^^^^^^^^
KeyboardInterrupt: 
